******************************************************************************
                  TI ARM Linker PC v16.9.7                     
******************************************************************************
>> Linked Sun Oct 28 13:21:58 2018

OUTPUT FILE NAME:   <matrix.out>
ENTRY POINT SYMBOL: "_c_int00"  address: 00003571


MEMORY CONFIGURATION

         name            origin    length      used     unused   attr    fill
----------------------  --------  ---------  --------  --------  ----  --------
  FLASH                 00000000   00040000  00003e84  0003c17c  R  X
  SRAM                  20000000   00008000  000015e4  00006a1c  RW X


SEGMENT ALLOCATION MAP

run origin  load origin   length   init length attrs members
----------  ----------- ---------- ----------- ----- -------
00000000    00000000    00003e88   00003e88    r-x
  00000000    00000000    0000026c   0000026c    r-- .intvecs
  0000026c    0000026c    00003980   00003980    r-x .text
  00003bec    00003bec    00000200   00000200    r-- .const
  00003df0    00003df0    00000098   00000098    r-- .cinit
20000000    20000000    000015e8   00000000    rw-
  20000000    20000000    00001024   00000000    rw- .stack
  20001028    20001028    00000200   00000000    rw- .sysmem
  20001228    20001228    000001f8   00000000    rw- .data
  20001420    20001420    000001c8   00000000    rw- .bss


SECTION ALLOCATION MAP

 output                                  attributes/
section   page    origin      length       input sections
--------  ----  ----------  ----------   ----------------
.intvecs   0    00000000    0000026c     
                  00000000    0000026c     tm4c123gh6pm_startup_ccs.obj (.intvecs)

.text      0    0000026c    00003980     
                  0000026c    0000113e     rtsv7M4_T_le_v4SPD16_eabi.lib : _printfi.obj (.text)
                  000013aa    00000002                                   : mpu_init.obj (.text)
                  000013ac    000004f0     main.obj (.text)
                  0000189c    000003d0     rtsv7M4_T_le_v4SPD16_eabi.lib : memory.obj (.text)
                  00001c6c    000001f4                                   : ull_div_t2.obj (.text)
                  00001e60    000001c4                                   : fopen.obj (.text)
                  00002024    000001b6                                   : fd_add_t2.obj (.text)
                  000021da    00000136                                   : fd_div_t2.obj (.text)
                  00002310    00000134                                   : fputs.obj (.text)
                  00002444    00000132     driverlib.lib : gpio.obj (.text:GPIOPadConfigSet)
                  00002576    00000002     rtsv7M4_T_le_v4SPD16_eabi.lib : startup.obj (.text)
                  00002578    00000110     driverlib.lib : sysctl.obj (.text:SysCtlClockGet)
                  00002688    000000fc     rtsv7M4_T_le_v4SPD16_eabi.lib : fd_mul_t2.obj (.text)
                  00002784    000000fc                                   : s_scalbn.obj (.text)
                  00002880    000000f4     driverlib.lib : sysctl.obj (.text:SysCtlClockSet)
                  00002974    000000dc     rtsv7M4_T_le_v4SPD16_eabi.lib : setvbuf.obj (.text)
                  00002a50    000000c8                                   : fflush.obj (.text)
                  00002b18    000000bc                                   : open.obj (.text)
                  00002bd4    000000ac                                   : _io_perm.obj (.text)
                  00002c80    0000009c                                   : memcpy_t2.obj (.text)
                  00002d1c    00000098                                   : fclose.obj (.text)
                  00002db4    00000098                                   : fputc.obj (.text)
                  00002e4c    00000086                                   : fd_cmp_t2.obj (.text:__aeabi_cdcmple)
                  00002ed2    00000086                                   : fd_cmp_t2.obj (.text:__aeabi_cdrcmple)
                  00002f58    0000007a     driverlib.lib : adc.obj (.text:ADCSequenceStepConfigure)
                  00002fd2    0000007a     rtsv7M4_T_le_v4SPD16_eabi.lib : memset_t2.obj (.text)
                  0000304c    00000070                                   : autoinit.obj (.text)
                  000030bc    00000070                                   : getdevice.obj (.text)
                  0000312c    00000070                                   : printf.obj (.text)
                  0000319c    00000068                                   : copy_decompress_lzss.obj (.text:decompress:lzss)
                  00003204    00000068                                   : hostlseek.obj (.text)
                  0000326c    00000068                                   : hostrename.obj (.text)
                  000032d4    00000068                                   : trgmsg.obj (.text)
                  0000333c    00000064                                   : fseek.obj (.text)
                  000033a0    00000064                                   : s_frexp.obj (.text)
                  00003404    00000060                                   : hostopen.obj (.text)
                  00003464    0000005c                                   : close.obj (.text)
                  000034c0    00000058                                   : hostread.obj (.text)
                  00003518    00000058                                   : hostwrite.obj (.text)
                  00003570    00000054                                   : boot.obj (.text)
                  000035c4    00000054                                   : exit.obj (.text)
                  00003618    00000054                                   : ltoa.obj (.text)
                  0000366c    00000050     driverlib.lib : adc.obj (.text:ADCSequenceConfigure)
                  000036bc    0000004c     rtsv7M4_T_le_v4SPD16_eabi.lib : atoi.obj (.text)
                  00003708    0000004c                                   : cpy_tbl.obj (.text)
                  00003754    00000048     driverlib.lib : gpio.obj (.text:GPIOPinConfigure)
                  0000379c    00000048     rtsv7M4_T_le_v4SPD16_eabi.lib : fd_toi_t2.obj (.text)
                  000037e4    00000044                                   : hostclose.obj (.text)
                  00003828    00000044                                   : hostunlink.obj (.text)
                  0000386c    0000003c     driverlib.lib : ssi.obj (.text:SSIConfigSetExpClk)
                  000038a8    00000036     rtsv7M4_T_le_v4SPD16_eabi.lib : strncpy.obj (.text)
                  000038de    00000002     --HOLE-- [fill = 0]
                  000038e0    00000034     driverlib.lib : sysctl.obj (.text:SysCtlPeripheralEnable)
                  00003914    0000002e                   : adc.obj (.text:ADCIntStatus)
                  00003942    0000002e     rtsv7M4_T_le_v4SPD16_eabi.lib : i_tofd_t2.obj (.text)
                  00003970    0000002c                                   : unlink.obj (.text)
                  0000399c    0000002a     driverlib.lib : gpio.obj (.text:GPIODirModeSet)
                  000039c6    00000002     --HOLE-- [fill = 0]
                  000039c8    00000028     rtsv7M4_T_le_v4SPD16_eabi.lib : lseek.obj (.text)
                  000039f0    00000028                                   : write.obj (.text)
                  00003a18    00000020                                   : memchr.obj (.text)
                  00003a38    0000001e     driverlib.lib : adc.obj (.text:ADCSequenceDataGet)
                  00003a56    0000001c     rtsv7M4_T_le_v4SPD16_eabi.lib : memccpy.obj (.text)
                  00003a72    00000018     driverlib.lib : adc.obj (.text:ADCProcessorTrigger)
                  00003a8a    00000002     --HOLE-- [fill = 0]
                  00003a8c    00000018     rtsv7M4_T_le_v4SPD16_eabi.lib : args_main.obj (.text)
                  00003aa4    00000018                                   : strcmp.obj (.text)
                  00003abc    00000016                                   : strchr.obj (.text)
                  00003ad2    00000002     --HOLE-- [fill = 0]
                  00003ad4    00000014                                   : _lock.obj (.text)
                  00003ae8    00000014                                   : s_copysign.obj (.text)
                  00003afc    00000014                                   : strcpy.obj (.text)
                  00003b10    00000014                                   : strlen.obj (.text)
                  00003b24    00000012     driverlib.lib : gpio.obj (.text:GPIOPinTypeADC)
                  00003b36    00000012                   : gpio.obj (.text:GPIOPinTypeGPIOInput)
                  00003b48    00000012                   : gpio.obj (.text:GPIOPinTypeSSI)
                  00003b5a    00000012                   : ssi.obj (.text:SSIDataGetNonBlocking)
                  00003b6c    0000000e                   : adc.obj (.text:ADCHardwareOversampleConfigure)
                  00003b7a    0000000e                   : adc.obj (.text:ADCSequenceDisable)
                  00003b88    0000000e                   : adc.obj (.text:ADCSequenceEnable)
                  00003b96    0000000e     rtsv7M4_T_le_v4SPD16_eabi.lib : copy_decompress_none.obj (.text:decompress:none)
                  00003ba4    0000000c                                   : copy_zero_init.obj (.text:decompress:ZI)
                  00003bb0    0000000c     tm4c123gh6pm_startup_ccs.obj (.text)
                  00003bbc    0000000a     driverlib.lib : adc.obj (.text:ADCIntClear)
                  00003bc6    0000000a                   : ssi.obj (.text:SSIDataPut)
                  00003bd0    0000000a                   : ssi.obj (.text:SSIEnable)
                  00003bda    00000008                   : ssi.obj (.text:SSIBusy)
                  00003be2    00000006                   : sysctl.obj (.text:SysCtlDelay)
                  00003be8    00000004     rtsv7M4_T_le_v4SPD16_eabi.lib : pre_init.obj (.text)

.const     0    00003bec    00000200     
                  00003bec    00000101     rtsv7M4_T_le_v4SPD16_eabi.lib : ctype.obj (.const:.string:_ctypes_)
                  00003ced    00000003     --HOLE-- [fill = 0]
                  00003cf0    00000090     driverlib.lib : gpio.obj (.const:g_pui32GPIOBaseAddrs)
                  00003d80    0000006c                   : sysctl.obj (.const:g_pui32Xtals)

.cinit     0    00003df0    00000098     
                  00003df0    00000072     (.cinit..data.load) [load image, compression = lzss]
                  00003e62    00000002     --HOLE-- [fill = 0]
                  00003e64    0000000c     (__TI_handler_table)
                  00003e70    00000008     (.cinit..bss.load) [load image, compression = zero_init]
                  00003e78    00000010     (__TI_cinit_table)

.init_array 
*          0    00000000    00000000     UNINITIALIZED

.stack     0    20000000    00001024     UNINITIALIZED
                  20000000    00001024     --HOLE--

.sysmem    0    20001028    00000200     UNINITIALIZED
                  20001028    00000008     rtsv7M4_T_le_v4SPD16_eabi.lib : memory.obj (.sysmem)
                  20001030    000001f8     --HOLE--

.data      0    20001228    000001f8     UNINITIALIZED
                  20001228    000000f0     rtsv7M4_T_le_v4SPD16_eabi.lib : defs.obj (.data:_ftable)
                  20001318    00000078                                   : write.obj (.data:_device)
                  20001390    00000050                                   : write.obj (.data:_stream)
                  200013e0    00000010                                   : defs.obj (.data)
                  200013f0    0000000c                                   : exit.obj (.data:$O1$$)
                  200013fc    0000000c                                   : memory.obj (.data:$O1$$)
                  20001408    00000008                                   : _lock.obj (.data:$O1$$)
                  20001410    00000004                                   : errno.obj (.data)
                  20001414    00000004                                   : fopen.obj (.data)
                  20001418    00000004                                   : open.obj (.data)
                  2000141c    00000004                                   : stkdepth_vars.obj (.data)

.bss       0    20001420    000001c8     UNINITIALIZED
                  20001420    00000120     rtsv7M4_T_le_v4SPD16_eabi.lib : trgmsg.obj (.bss:_CIOBUF_)
                  20001540    000000a0     (.common:__TI_tmpnams)
                  200015e0    00000008     (.common:parmbuf)

MODULE SUMMARY

       Module                         code    ro data   rw data
       ------                         ----    -------   -------
    .\
       main.obj                       1264    0         0      
       tm4c123gh6pm_startup_ccs.obj   12      620       0      
    +--+------------------------------+-------+---------+---------+
       Total:                         1276    620       0      
                                                               
    C:/ti/TivaWare_C_Series-2.1.4.178/driverlib/ccs/Debug/driverlib.lib
       sysctl.obj                     574     108       0      
       gpio.obj                       474     144       0      
       adc.obj                        354     0         0      
       ssi.obj                        106     0         0      
    +--+------------------------------+-------+---------+---------+
       Total:                         1508    252       0      
                                                               
    C:\ti\ccsv7\tools\compiler\ti-cgt-arm_16.9.7.LTS\lib\rtsv7M4_T_le_v4SPD16_eabi.lib
       _printfi.obj                   4414    0         0      
       memory.obj                     976     0         12     
       ull_div_t2.obj                 500     0         0      
       fopen.obj                      452     0         4      
       fd_add_t2.obj                  438     0         0      
       defs.obj                       0       0         416    
       trgmsg.obj                     104     0         288    
       fd_div_t2.obj                  310     0         0      
       fputs.obj                      308     0         0      
       fd_cmp_t2.obj                  268     0         0      
       ctype.obj                      0       257       0      
       fd_mul_t2.obj                  252     0         0      
       s_scalbn.obj                   252     0         0      
       write.obj                      40      0         200    
       setvbuf.obj                    220     0         0      
       fflush.obj                     200     0         0      
       open.obj                       188     0         4      
       _io_perm.obj                   172     0         0      
       memcpy_t2.obj                  156     0         0      
       fclose.obj                     152     0         0      
       fputc.obj                      152     0         0      
       memset_t2.obj                  122     0         0      
       autoinit.obj                   112     0         0      
       getdevice.obj                  112     0         0      
       printf.obj                     112     0         0      
       copy_decompress_lzss.obj       104     0         0      
       hostlseek.obj                  104     0         0      
       hostopen.obj                   96      0         8      
       hostrename.obj                 104     0         0      
       fseek.obj                      100     0         0      
       s_frexp.obj                    100     0         0      
       exit.obj                       84      0         12     
       close.obj                      92      0         0      
       hostread.obj                   88      0         0      
       hostwrite.obj                  88      0         0      
       boot.obj                       84      0         0      
       ltoa.obj                       84      0         0      
       atoi.obj                       76      0         0      
       cpy_tbl.obj                    76      0         0      
       fd_toi_t2.obj                  72      0         0      
       hostclose.obj                  68      0         0      
       hostunlink.obj                 68      0         0      
       strncpy.obj                    54      0         0      
       i_tofd_t2.obj                  46      0         0      
       unlink.obj                     44      0         0      
       lseek.obj                      40      0         0      
       memchr.obj                     32      0         0      
       _lock.obj                      20      0         8      
       memccpy.obj                    28      0         0      
       args_main.obj                  24      0         0      
       strcmp.obj                     24      0         0      
       strchr.obj                     22      0         0      
       s_copysign.obj                 20      0         0      
       strcpy.obj                     20      0         0      
       strlen.obj                     20      0         0      
       copy_decompress_none.obj       14      0         0      
       copy_zero_init.obj             12      0         0      
       errno.obj                      0       0         4      
       pre_init.obj                   4       0         0      
       stkdepth_vars.obj              0       0         4      
       mpu_init.obj                   2       0         0      
       startup.obj                    2       0         0      
    +--+------------------------------+-------+---------+---------+
       Total:                         11928   257       960    
                                                               
       Heap:                          0       0         512    
       Stack:                         0       0         4132   
       Linker Generated:              0       150       0      
    +--+------------------------------+-------+---------+---------+
       Grand Total:                   14712   1279      5604   


LINKER GENERATED COPY TABLES

__TI_cinit_table @ 00003e78 records: 2, size/record: 8, table size: 16
	.data: load addr=00003df0, load size=00000072 bytes, run addr=20001228, run size=000001f8 bytes, compression=lzss
	.bss: load addr=00003e70, load size=00000008 bytes, run addr=20001420, run size=000001c8 bytes, compression=zero_init


LINKER GENERATED HANDLER TABLE

__TI_handler_table @ 00003e64 records: 3, size/record: 4, table size: 12
	index: 0, handler: __TI_decompress_lzss
	index: 1, handler: __TI_decompress_none
	index: 2, handler: __TI_zero_init


GLOBAL SYMBOLS: SORTED ALPHABETICALLY BY Name 

address   name                           
-------   ----                           
00003b6d  ADCHardwareOversampleConfigure 
00003bbd  ADCIntClear                    
00003915  ADCIntStatus                   
00003a73  ADCProcessorTrigger            
0000366d  ADCSequenceConfigure           
00003a39  ADCSequenceDataGet             
00003b7b  ADCSequenceDisable             
00003b89  ADCSequenceEnable              
00002f59  ADCSequenceStepConfigure       
000035c5  C$$EXIT                        
00003303  C$$IO$$                        
0000399d  GPIODirModeSet                 
00002445  GPIOPadConfigSet               
00003755  GPIOPinConfigure               
00003b25  GPIOPinTypeADC                 
00003b37  GPIOPinTypeGPIOInput           
00003b49  GPIOPinTypeSSI                 
000037e5  HOSTclose                      
00003205  HOSTlseek                      
00003405  HOSTopen                       
000034c1  HOSTread                       
0000326d  HOSTrename                     
00003829  HOSTunlink                     
00003519  HOSTwrite                      
00003bb1  ResetISR                       
UNDEFED   SHT$$INIT_ARRAY$$Base          
UNDEFED   SHT$$INIT_ARRAY$$Limit         
00003bdb  SSIBusy                        
0000386d  SSIConfigSetExpClk             
00003b5b  SSIDataGetNonBlocking          
00003bc7  SSIDataPut                     
00003bd1  SSIEnable                      
00002579  SysCtlClockGet                 
00002881  SysCtlClockSet                 
00003be3  SysCtlDelay                    
000038e1  SysCtlPeripheralEnable         
20001420  __CIOBUF_                      
20001024  __STACK_END                    
00001024  __STACK_SIZE                   
20000200  __STACK_TOP                    
00000200  __SYSMEM_SIZE                  
00003e78  __TI_CINIT_Base                
00003e88  __TI_CINIT_Limit               
00003e64  __TI_Handler_Table_Base        
00003e70  __TI_Handler_Table_Limit       
0000304d  __TI_auto_init                 
00001f29  __TI_cleanup                   
200013f0  __TI_cleanup_ptr               
00002d1d  __TI_closefile                 
0000319d  __TI_decompress_lzss           
00003b97  __TI_decompress_none           
00002a51  __TI_doflush                   
200013f4  __TI_dtors_ptr                 
200013f8  __TI_enable_exit_profile_output
200013e0  __TI_ft_end                    
ffffffff  __TI_pprof_out_hndl            
00000ab1  __TI_printfi                   
ffffffff  __TI_prof_data_size            
ffffffff  __TI_prof_data_start           
00002c37  __TI_rd_ok                     
00003307  __TI_readmsg                   
00000000  __TI_static_base__             
20001540  __TI_tmpnams                   
000032d5  __TI_writemsg                  
00002bd5  __TI_wrt_ok                    
00003ba5  __TI_zero_init                 
00002e4d  __aeabi_cdcmpeq                
00002e4d  __aeabi_cdcmple                
00002ed3  __aeabi_cdrcmple               
0000379d  __aeabi_d2iz                   
0000202f  __aeabi_dadd                   
000021db  __aeabi_ddiv                   
00002689  __aeabi_dmul                   
00002025  __aeabi_dsub                   
00003943  __aeabi_i2d                    
00002fd3  __aeabi_memclr                 
00002fd3  __aeabi_memclr4                
00002fd3  __aeabi_memclr8                
00002c81  __aeabi_memcpy                 
00002c81  __aeabi_memcpy4                
00002c81  __aeabi_memcpy8                
00002fd5  __aeabi_memset                 
00002fd5  __aeabi_memset4                
00002fd5  __aeabi_memset8                
200013ec  __aeabi_stderr                 
200013e4  __aeabi_stdin                  
200013e8  __aeabi_stdout                 
00001c6d  __aeabi_uldivmod               
ffffffff  __binit__                      
ffffffff  __c_args__                     
000013ab  __mpu_init                     
20000000  __stack                        
00003a8d  _args_main                     
00003571  _c_int00                       
00003bec  _ctypes_                       
20001318  _device                        
20001228  _ftable                        
20001408  _lock                          
00003ae3  _nop                           
00003adb  _register_lock                 
00003ad5  _register_unlock               
20001390  _stream                        
20001028  _sys_memory                    
00002577  _system_post_cinit             
00003be9  _system_pre_init               
2000140c  _unlock                        
000035c9  abort                          
000036bd  atoi                           
ffffffff  binit                          
00001c3d  calloc                         
00003465  close                          
00003709  copy_in                        
00003ae9  copysign                       
00003ae9  copysignl                      
000015e9  eight                          
20001410  errno                          
000035d1  exit                           
00002d83  fclose                         
00002a9d  fflush                         
000030bd  finddevice                     
0000151d  five                           
00001f7f  fopen                          
000014d9  four                           
00002db5  fputc                          
00002311  fputs                          
00001987  free                           
00001f55  freopen                        
000033a1  frexp                          
000033a1  frexpl                         
0000333d  fseek                          
00000000  g_pfnVectors                   
000030e7  getdevice                      
00002785  ldexp                          
00002785  ldexpl                         
000039c9  lseek                          
00003619  ltoa                           
00001671  main                           
2000141c  main_func_sp                   
0000191d  malloc                         
00001b51  memalign                       
00003a57  memccpy                        
00003a19  memchr                         
00002c81  memcpy                         
00002fdb  memset                         
0000189d  minit                          
0000162d  nine                           
0000140d  one                            
00002b19  open                           
200015e0  parmbuf                        
00003135  printf                         
00002db5  putc                           
00002e39  putchar                        
0000241d  puts                           
00001a47  realloc                        
00003971  remove                         
00002785  scalbn                         
00002785  scalbnl                        
00002975  setvbuf                        
000015a5  seven                          
00001561  six                            
000013ad  spi_write                      
00003abd  strchr                         
00003aa5  strcmp                         
00003afd  strcpy                         
00003b11  strlen                         
000038a9  strncpy                        
00001495  three                          
00001451  two                            
00003971  unlink                         
000039f1  write                          
000013c9  zero                           


GLOBAL SYMBOLS: SORTED BY Symbol Address 

address   name                           
-------   ----                           
00000000  __TI_static_base__             
00000000  g_pfnVectors                   
00000200  __SYSMEM_SIZE                  
00000ab1  __TI_printfi                   
00001024  __STACK_SIZE                   
000013ab  __mpu_init                     
000013ad  spi_write                      
000013c9  zero                           
0000140d  one                            
00001451  two                            
00001495  three                          
000014d9  four                           
0000151d  five                           
00001561  six                            
000015a5  seven                          
000015e9  eight                          
0000162d  nine                           
00001671  main                           
0000189d  minit                          
0000191d  malloc                         
00001987  free                           
00001a47  realloc                        
00001b51  memalign                       
00001c3d  calloc                         
00001c6d  __aeabi_uldivmod               
00001f29  __TI_cleanup                   
00001f55  freopen                        
00001f7f  fopen                          
00002025  __aeabi_dsub                   
0000202f  __aeabi_dadd                   
000021db  __aeabi_ddiv                   
00002311  fputs                          
0000241d  puts                           
00002445  GPIOPadConfigSet               
00002577  _system_post_cinit             
00002579  SysCtlClockGet                 
00002689  __aeabi_dmul                   
00002785  ldexp                          
00002785  ldexpl                         
00002785  scalbn                         
00002785  scalbnl                        
00002881  SysCtlClockSet                 
00002975  setvbuf                        
00002a51  __TI_doflush                   
00002a9d  fflush                         
00002b19  open                           
00002bd5  __TI_wrt_ok                    
00002c37  __TI_rd_ok                     
00002c81  __aeabi_memcpy                 
00002c81  __aeabi_memcpy4                
00002c81  __aeabi_memcpy8                
00002c81  memcpy                         
00002d1d  __TI_closefile                 
00002d83  fclose                         
00002db5  fputc                          
00002db5  putc                           
00002e39  putchar                        
00002e4d  __aeabi_cdcmpeq                
00002e4d  __aeabi_cdcmple                
00002ed3  __aeabi_cdrcmple               
00002f59  ADCSequenceStepConfigure       
00002fd3  __aeabi_memclr                 
00002fd3  __aeabi_memclr4                
00002fd3  __aeabi_memclr8                
00002fd5  __aeabi_memset                 
00002fd5  __aeabi_memset4                
00002fd5  __aeabi_memset8                
00002fdb  memset                         
0000304d  __TI_auto_init                 
000030bd  finddevice                     
000030e7  getdevice                      
00003135  printf                         
0000319d  __TI_decompress_lzss           
00003205  HOSTlseek                      
0000326d  HOSTrename                     
000032d5  __TI_writemsg                  
00003303  C$$IO$$                        
00003307  __TI_readmsg                   
0000333d  fseek                          
000033a1  frexp                          
000033a1  frexpl                         
00003405  HOSTopen                       
00003465  close                          
000034c1  HOSTread                       
00003519  HOSTwrite                      
00003571  _c_int00                       
000035c5  C$$EXIT                        
000035c9  abort                          
000035d1  exit                           
00003619  ltoa                           
0000366d  ADCSequenceConfigure           
000036bd  atoi                           
00003709  copy_in                        
00003755  GPIOPinConfigure               
0000379d  __aeabi_d2iz                   
000037e5  HOSTclose                      
00003829  HOSTunlink                     
0000386d  SSIConfigSetExpClk             
000038a9  strncpy                        
000038e1  SysCtlPeripheralEnable         
00003915  ADCIntStatus                   
00003943  __aeabi_i2d                    
00003971  remove                         
00003971  unlink                         
0000399d  GPIODirModeSet                 
000039c9  lseek                          
000039f1  write                          
00003a19  memchr                         
00003a39  ADCSequenceDataGet             
00003a57  memccpy                        
00003a73  ADCProcessorTrigger            
00003a8d  _args_main                     
00003aa5  strcmp                         
00003abd  strchr                         
00003ad5  _register_unlock               
00003adb  _register_lock                 
00003ae3  _nop                           
00003ae9  copysign                       
00003ae9  copysignl                      
00003afd  strcpy                         
00003b11  strlen                         
00003b25  GPIOPinTypeADC                 
00003b37  GPIOPinTypeGPIOInput           
00003b49  GPIOPinTypeSSI                 
00003b5b  SSIDataGetNonBlocking          
00003b6d  ADCHardwareOversampleConfigure 
00003b7b  ADCSequenceDisable             
00003b89  ADCSequenceEnable              
00003b97  __TI_decompress_none           
00003ba5  __TI_zero_init                 
00003bb1  ResetISR                       
00003bbd  ADCIntClear                    
00003bc7  SSIDataPut                     
00003bd1  SSIEnable                      
00003bdb  SSIBusy                        
00003be3  SysCtlDelay                    
00003be9  _system_pre_init               
00003bec  _ctypes_                       
00003e64  __TI_Handler_Table_Base        
00003e70  __TI_Handler_Table_Limit       
00003e78  __TI_CINIT_Base                
00003e88  __TI_CINIT_Limit               
20000000  __stack                        
20000200  __STACK_TOP                    
20001024  __STACK_END                    
20001028  _sys_memory                    
20001228  _ftable                        
20001318  _device                        
20001390  _stream                        
200013e0  __TI_ft_end                    
200013e4  __aeabi_stdin                  
200013e8  __aeabi_stdout                 
200013ec  __aeabi_stderr                 
200013f0  __TI_cleanup_ptr               
200013f4  __TI_dtors_ptr                 
200013f8  __TI_enable_exit_profile_output
20001408  _lock                          
2000140c  _unlock                        
20001410  errno                          
2000141c  main_func_sp                   
20001420  __CIOBUF_                      
20001540  __TI_tmpnams                   
200015e0  parmbuf                        
ffffffff  __TI_pprof_out_hndl            
ffffffff  __TI_prof_data_size            
ffffffff  __TI_prof_data_start           
ffffffff  __binit__                      
ffffffff  __c_args__                     
ffffffff  binit                          
UNDEFED   SHT$$INIT_ARRAY$$Base          
UNDEFED   SHT$$INIT_ARRAY$$Limit         

[171 symbols]
